Microchip MPLAB XC8 Compiler V3.00

Linker command line:

-W-3 \
  --edf=C:/Users/Anderson L. F. Perez/.mchp_packs/Microchip/PIC18Fxxxx_DFP/1.7.171/xc8\pic\dat\20250117225543_en.msgs \
  -cn -h+dist/default/production\Aula_25_08.X.production.sym \
  --cmf=dist/default/production\Aula_25_08.X.production.cmf -z -Q18F4550 \
  -oC:\Users\ANDERS~1.PER\AppData\Local\Temp\xcAslg8.\driver_tmp_3.o \
  --defsym=__MPLAB_BUILD=1 --fixupoverflow=error \
  -Mdist/default/production/Aula_25_08.X.production.map \
  --md=C:\Users\ANDERS~1.PER\AppData\Local\Temp\xcAslg8.\driver_tmp_0.dat \
  -E1 -ver=XC8 Compiler -ACODE=00h-07FFFh -ACONST=00h-07FFFh \
  -ASMALLCONST=0800h-08FFhx120 -AMEDIUMCONST=0800h-07FFFh -ACOMRAM=01h-05Fh \
  -AABS1=00h-07FFh -ABIGRAM=01h-07FFh -ARAM=060h-0FFh,0100h-01FFhx7 \
  -ABANK0=060h-0FFh -ABANK1=0100h-01FFh -ABANK2=0200h-02FFh \
  -ABANK3=0300h-03FFh -ABANK4=0400h-04FFh -ABANK5=0500h-05FFh \
  -ABANK6=0600h-06FFh -ABANK7=0700h-07FFh -ASFR=0F60h-0FFFh \
  -ABIGSFR=0F60h-0FFFh -ACONFIG=0300000h-030000Dh -AIDLOC=0200000h-0200007h \
  -AEEDATA=0F00000h-0F000FFh -peeprom_data=EEDATA \
  -preset_vec=00h,intcode=8h,intcodelo=18h,sivt_lo,sivt_hi=CODE \
  -ppowerup=CODE,init -pramtop=0800h -psmallconst=SMALLCONST \
  -pmediumconst=MEDIUMCONST -pconst=CONST -AFARRAM=00h-00h \
  -prdata=COMRAM,nvrram=COMRAM,nvbit=COMRAM,rbss=COMRAM,rbit=COMRAM \
  -pfarbss=FARRAM,fardata=FARRAM,nvFARRAM=FARRAM \
  -pintsave_regs=BIGRAM,bigbss=BIGRAM,bigdata=BIGRAM -pbss=RAM \
  -pidata=CODE,irdata=CODE,ibigdata=CODE,ifardata=CODE -prparam=COMRAM \
  C:\Users\ANDERS~1.PER\AppData\Local\Temp\xcAslg8.\driver_tmp_9.o \
  dist/default/production\Aula_25_08.X.production.o 

Object code version is 3.11

Machine type is 18F4550



                Name                               Link     Load   Length Selector   Space Scale
C:\Users\ANDERS~1.PER\AppData\Local\Temp\xcAslg8.\driver_tmp_9.o
                init                                  E        E        4        4       0
                reset_vec                             0        0        4        0       0
dist/default/production\Aula_25_08.X.production.o
                intcode                               8        8        6        4       0
                temp                                 25       25        1        1       1
                smallconst                          800      800        2      400       0
                text7                               93E      93E       64      401       0
                intcode_body                        8C2      8C2       7C      401       0
                text5                               9A2      9A2       2A      401       0
                text4                               9CC      9CC       28      401       0
                text3                               9F4      9F4       26      401       0
                text2                               A4A      A4A        8      401       0
                text1                               A1A      A1A       1A      401       0
                text0                               802      802       C0      401       0
                cstackCOMRAM                         14       14       11        1       1
                bssCOMRAM                             1        1       13        1       1
                cinit                               A34      A34       16      401       0

TOTAL           Name                               Link     Load   Length     Space
        CLASS   CODE           
                intcode                               8        8        6         0
                init                                  E        E        4         0
                reset_vec                             0        0        4         0
                text7                               93E      93E       64         0
                intcode_body                        8C2      8C2       7C         0
                text5                               9A2      9A2       2A         0
                text4                               9CC      9CC       28         0
                text3                               9F4      9F4       26         0
                text2                               A4A      A4A        8         0
                text1                               A1A      A1A       1A         0
                text0                               802      802       C0         0
                cinit                               A34      A34       16         0

        CLASS   CONST          

        CLASS   SMALLCONST     
                smallconst                          800      800        2         0

        CLASS   MEDIUMCONST    

        CLASS   COMRAM         
                temp                                 25       25        1         1
                cstackCOMRAM                         14       14       11         1
                bssCOMRAM                             1        1       13         1

        CLASS   ABS1           

        CLASS   BIGRAM         

        CLASS   RAM            

        CLASS   BANK0          

        CLASS   BANK1          

        CLASS   BANK2          

        CLASS   BANK3          

        CLASS   BANK4          

        CLASS   BANK5          

        CLASS   BANK6          

        CLASS   BANK7          

        CLASS   SFR            

        CLASS   BIGSFR         

        CLASS   CONFIG         

        CLASS   IDLOC          

        CLASS   EEDATA         

        CLASS   FARRAM         

        CLASS   HEAP           

        CLASS   STACK          



SEGMENTS        Name                           Load    Length   Top    Selector   Space  Class

                reset_vec                      000000  000004  000004         0       0  CODE    
                bssCOMRAM                      000001  000025  000026         1       1  COMRAM  
                intcode                        000008  00000A  000012         4       0  CODE    
                smallconst                     000800  000002  000802       400       0  SMALLCON
                text0                          000802  000250  000A52       401       0  CODE    


UNUSED ADDRESS RANGES

        Name                Unused          Largest block    Delta
        BANK0            060-0FF            A0
        BANK1            100-1FF           100
        BANK2            200-2FF           100
        BANK3            300-3FF           100
        BANK4            400-4FF           100
        BANK5            500-5FF           100
        BANK6            600-6FF           100
        BANK7            700-7FF           100
        BIGRAM           026-7FF           7DA
        BIGSFR           F60-FFF            A0
        CODE             004-007             4
                         012-7FF           7EE
                         A52-7FFF          75AE
        COMRAM           026-05F            3A
        CONFIG           300000-30000D             E
        CONST            004-007             4
                         012-7FF           7EE
                         A52-7FFF          75AE
        EEDATA           F00000-F000FF           100
        IDLOC            200000-200007             8
        MEDIUMCONST      A52-7FFF          75AE
        RAM              060-7FF           100
        SFR              F60-FFF            A0
        SMALLCONST       A52-7FFF           100

                                  Symbol Table

?___lwmod                cstackCOMRAM 014
_INTCONbits              (abs)        FF2
_ISR_TIMER               intcode      008
_LATDbits                (abs)        F8C
_PORTDbits               (abs)        F83
_STKPTR                  (abs)        FFC
_T0CONbits               (abs)        FD5
_TMR0L                   (abs)        FD6
_TOS                     (abs)        FFD
_TRISDbits               (abs)        F95
__HRAM                   (abs)        000
__H__absolute__          __absolute__ 000
__Habs1                  abs1         000
__Hbank0                 bank0        000
__Hbank1                 bank1        000
__Hbank2                 bank2        000
__Hbank3                 bank3        000
__Hbank4                 bank4        000
__Hbank5                 bank5        000
__Hbank6                 bank6        000
__Hbank7                 bank7        000
__Hbigbss                bigbss       000
__Hbigdata               bigdata      000
__Hbigram                bigram       000
__Hbigsfr                bigsfr       000
__Hbss                   bss          000
__HbssCOMRAM             bssCOMRAM    000
__Hcinit                 cinit        000
__Hclrtext               clrtext      000
__Hcomram                comram       000
__Hconfig                config       000
__Hconst                 const        000
__HcstackCOMRAM          cstackCOMRAM 000
__Hdata                  data         000
__Heeprom_data           eeprom_data  000
__Hfarbss                farbss       000
__Hfardata               fardata      000
__Hheap                  heap         000
__Hibigdata              ibigdata     000
__Hidata                 idata        000
__Hidloc                 idloc        000
__Hifardata              ifardata     000
__Hinit                  init         012
__Hintcode               intcode      00E
__Hintcode_body          intcode_body 000
__Hintcodelo             intcodelo    018
__Hintentry              intentry     000
__Hintret                intret       000
__Hintsave_regs          intsave_regs 000
__Hirdata                irdata       000
__Hmediumconst           mediumconst  000
__HnvFARRAM              nvFARRAM     000
__Hnvbit                 nvbit        000
__Hnvrram                nvrram       000
__Hparam                 rparam       000
__Hpowerup               powerup      000
__Hram                   ram          000
__Hramtop                ramtop       800
__Hrbit                  rbit         000
__Hrbss                  rbss         000
__Hrdata                 rdata        000
__Hreset_vec             reset_vec    004
__Hrparam                rparam       000
__Hsfr                   sfr          000
__Hsivt_hi               sivt_hi      000
__Hsivt_lo               sivt_lo      018
__Hsmallconst            smallconst   802
__Hspace_0               (abs)        A52
__Hspace_1               (abs)        026
__Hspace_2               (abs)        000
__Hspace_4               (abs)        000
__Hstack                 stack        000
__Hstruct                struct       000
__Htemp                  temp         026
__Htext                  text         000
__Htext0                 text0        000
__Htext1                 text1        000
__Htext2                 text2        000
__Htext3                 text3        000
__Htext4                 text4        000
__Htext5                 text5        000
__Htext7                 text7        000
__LRAM                   (abs)        001
__L__absolute__          __absolute__ 000
__Labs1                  abs1         000
__Lbank0                 bank0        000
__Lbank1                 bank1        000
__Lbank2                 bank2        000
__Lbank3                 bank3        000
__Lbank4                 bank4        000
__Lbank5                 bank5        000
__Lbank6                 bank6        000
__Lbank7                 bank7        000
__Lbigbss                bigbss       000
__Lbigdata               bigdata      000
__Lbigram                bigram       000
__Lbigsfr                bigsfr       000
__Lbss                   bss          000
__LbssCOMRAM             bssCOMRAM    000
__Lcinit                 cinit        000
__Lclrtext               clrtext      000
__Lcomram                comram       000
__Lconfig                config       000
__Lconst                 const        000
__LcstackCOMRAM          cstackCOMRAM 000
__Ldata                  data         000
__Leeprom_data           eeprom_data  000
__Lfarbss                farbss       000
__Lfardata               fardata      000
__Lheap                  heap         000
__Libigdata              ibigdata     000
__Lidata                 idata        000
__Lidloc                 idloc        000
__Lifardata              ifardata     000
__Linit                  init         00E
__Lintcode               intcode      008
__Lintcode_body          intcode_body 000
__Lintcodelo             intcodelo    018
__Lintentry              intentry     000
__Lintret                intret       000
__Lintsave_regs          intsave_regs 000
__Lirdata                irdata       000
__Lmediumconst           mediumconst  000
__LnvFARRAM              nvFARRAM     000
__Lnvbit                 nvbit        000
__Lnvrram                nvrram       000
__Lparam                 rparam       000
__Lpowerup               powerup      000
__Lram                   ram          000
__Lramtop                ramtop       800
__Lrbit                  rbit         000
__Lrbss                  rbss         000
__Lrdata                 rdata        000
__Lreset_vec             reset_vec    000
__Lrparam                rparam       000
__Lsfr                   sfr          000
__Lsivt_hi               sivt_hi      000
__Lsivt_lo               sivt_lo      018
__Lsmallconst            smallconst   800
__Lspace_0               (abs)        000
__Lspace_1               (abs)        000
__Lspace_2               (abs)        000
__Lspace_4               (abs)        000
__Lstack                 stack        000
__Lstruct                struct       000
__Ltemp                  temp         025
__Ltext                  text         000
__Ltext0                 text0        000
__Ltext1                 text1        000
__Ltext2                 text2        000
__Ltext3                 text3        000
__Ltext4                 text4        000
__Ltext5                 text5        000
__Ltext7                 text7        000
__S0                     (abs)        A52
__S1                     (abs)        026
__S4                     (abs)        000
__S5                     (abs)        000
___heap_hi               (abs)        000
___heap_lo               (abs)        000
___inthi_sp              stack        000
___inthi_stack_hi        stack        000
___inthi_stack_lo        stack        000
___intlo_sp              stack        000
___intlo_stack_hi        stack        000
___intlo_stack_lo        stack        000
___lwmod                 text7        93E
___lwmod@counter         cstackCOMRAM 018
___lwmod@dividend        cstackCOMRAM 014
___lwmod@divisor         cstackCOMRAM 016
___param_bank            (abs)        000
___rparam_used           (abs)        001
___sp                    stack        000
___stack_hi              stack        000
___stack_lo              stack        000
__accesstop              (abs)        060
__activetblptr           (abs)        000
__end_of_ISR_TIMER       intcode_body 93E
__end_of___lwmod         text7        9A2
__end_of__initialization cinit        A40
__end_of_config_ports    text2        A52
__end_of_config_timer    text1        A34
__end_of_main            text0        8C2
__end_of_task_1          text3        A1A
__end_of_task_2          text4        9F4
__end_of_task_3          text5        9CC
__initialization         cinit        A34
__mediumconst            smallconst   800
__pbssCOMRAM             bssCOMRAM    001
__pcinit                 cinit        A34
__pcstackCOMRAM          cstackCOMRAM 014
__pintcode               intcode      008
__pintcode_body          intcode_body 8C2
__psmallconst            smallconst   800
__ptext0                 text0        802
__ptext1                 text1        A1A
__ptext2                 text2        A4A
__ptext3                 text3        9F4
__ptext4                 text4        9CC
__ptext5                 text5        9A2
__ptext7                 text7        93E
__ramtop                 ramtop       800
__smallconst             smallconst   800
_config_ports            text2        A4A
_config_timer            text1        A1A
_f_aptos                 bssCOMRAM    001
_main                    text0        802
_qtd_tasks               bssCOMRAM    010
_task_1                  text3        9F4
_task_2                  text4        9CC
_task_3                  text5        9A2
_vez                     bssCOMRAM    012
btemp                    temp         025
end_of_initialization    cinit        A40
int$flags                temp         025
int_func                 intcode_body 8C2
intlevel0                text         000
intlevel1                text         000
intlevel2                text         000
intlevel3                text         000
isa$std                  (abs)        001
isa$xinst                (abs)        000
stackhi                  (abs)        000
stacklo                  (abs)        000
start                    init         00E
start_initialization     cinit        A34
ttemp5                   temp         026
ttemp6                   temp         029
ttemp7                   temp         02D
wtemp8                   temp         026


MODULE INFORMATION

Module		Function		Class		Link	Load	Size
C:\Program Files\Microchip\xc8\v3.00\pic\sources\c99\common\lwmod.c
		___lwmod       		CODE           	093E	0000	100

C:\Program Files\Microchip\xc8\v3.00\pic\sources\c99\common\lwmod.c estimated size: 100

shared
		__initialization		CODE           	0A34	0000	12

shared estimated size: 12

main.c
		_task_2        		CODE           	09CC	0000	40
		_main          		CODE           	0802	0000	192
		_task_3        		CODE           	09A2	0000	42
		_task_1        		CODE           	09F4	0000	38
		_ISR_TIMER     		CODE           	0008	0000	130
		_config_timer  		CODE           	0A1A	0000	26
		_config_ports  		CODE           	0A4A	0000	8

main.c estimated size: 476

